// Jest Snapshot v1, https://goo.gl/fbAQLP

exports[`[Page]: Details render page 1`] = `
<DocumentFragment>
  <div
    class="sc-fodVxV gHPDdw"
  >
    <div
      class="spinner"
      data-testid="loading"
    />
  </div>
</DocumentFragment>
`;
