// Jest Snapshot v1, https://goo.gl/fbAQLP

exports[`[Component]: Loading render the component 1`] = `
<DocumentFragment>
  <div
    class="sc-bdfBwQ hBrFHp"
  >
    <div
      class="spinner"
      data-testid="loading"
    />
  </div>
</DocumentFragment>
`;
