// Jest Snapshot v1, https://goo.gl/fbAQLP

exports[`[Component]: EmptyStateWrapper render the component 1`] = `
<DocumentFragment>
  <div
    class="sc-bdfBwQ hMdVtH"
  >
    <img
      alt="Empty state"
      class="sc-gsTCUz cVyLar"
      height="200"
      loading="lazy"
      src="test-file-stub"
      width="320"
    />
    <h2
      class="sc-dlfnbm jfscyR"
    >
      Don't know what to search?
    </h2>
    <div
      class="sc-hKgILt cQhpCL"
    >
      Here's an offer you can't refuse
    </div>
  </div>
</DocumentFragment>
`;
